// Vitest Snapshot v1, https://vitest.dev/guide/snapshot.html

exports[`runDataModelSaturationLoop — record-stream golden snapshot > pins the full persisted record stream + telemetry for a mixed-tier, multi-pass decomposition 1`] = `
{
  "bundles": [
    {
      "content": {
        "bundle_id": "data-model-gate-dm-root",
        "bundle_type": "mirror_decision",
        "context": "These are scope commitments under "dm-root" identified during recursive data-model decomposition. Accept the ones in scope; reject any out-of-scope.",
        "items": [
          {
            "description": "• id: uuid
• [[MATCH_ENTITY]] marker: string",
            "details": {
              "active_constraints": [],
              "entity_id": "dm-entity",
              "field_count": 2,
              "kind": "entity",
              "relationships": [],
            },
            "item_id": "child-0",
            "title": "Entity dm-entity (dm-entity)",
          },
        ],
        "kind": "decision_bundle",
        "title": "Tier-B Data-Model Commitments under "dm-root"",
      },
      "record_type": "decision_bundle_presented",
      "sub_phase_id": "data_model_saturation",
    },
  ],
  "nodes": [
    {
      "content": {
        "decomposition_rationale": undefined,
        "depth": 2,
        "display_key": "dm-agg-leaf",
        "entity": {
          "active_constraints": [],
          "component_id": "comp-x",
          "fields": [
            {
              "is_identity": true,
              "name": "id",
              "type": "uuid",
            },
            {
              "name": "[[MATCH_AGGLEAF]] marker",
              "type": "string",
            },
          ],
          "id": "dm-agg-leaf",
          "kind": "value_type",
          "name": "Entity dm-agg-leaf",
          "relationships": [],
        },
        "kind": "data_model_decomposition_node",
        "parent_ref": "dm-agg",
        "pass_number": 2,
        "pruning_reason": undefined,
        "release_id": null,
        "release_ordinal": null,
        "root_ref": "dm-root",
        "status": "atomic",
        "surfaced_assumption_ids": [
          "DA-0003",
        ],
        "tier": "D",
      },
      "record_type": "data_model_decomposition_node",
      "sub_phase_id": "data_model_saturation",
    },
    {
      "content": {
        "decomposition_rationale": "nested aggregate",
        "depth": 1,
        "display_key": "dm-agg",
        "entity": {
          "active_constraints": [],
          "component_id": "comp-x",
          "fields": [
            {
              "is_identity": true,
              "name": "id",
              "type": "uuid",
            },
            {
              "name": "[[MATCH_AGG]] marker",
              "type": "string",
            },
          ],
          "id": "dm-agg",
          "kind": "aggregate",
          "name": "Entity dm-agg",
          "relationships": [],
        },
        "kind": "data_model_decomposition_node",
        "parent_ref": "dm-root",
        "pass_number": 1,
        "pruning_reason": undefined,
        "release_id": null,
        "release_ordinal": null,
        "root_ref": "dm-root",
        "status": "pending",
        "surfaced_assumption_ids": [
          "DA-0001",
          "DA-0002",
        ],
        "tier": "A",
      },
      "record_type": "data_model_decomposition_node",
      "sub_phase_id": "data_model_saturation",
    },
    {
      "content": {
        "decomposition_rationale": undefined,
        "depth": 1,
        "display_key": "dm-agg",
        "entity": {
          "active_constraints": [],
          "component_id": "comp-x",
          "fields": [
            {
              "is_identity": true,
              "name": "id",
              "type": "uuid",
            },
            {
              "name": "[[MATCH_AGG]] marker",
              "type": "string",
            },
          ],
          "id": "dm-agg",
          "kind": "aggregate",
          "name": "Entity dm-agg",
          "relationships": [],
        },
        "kind": "data_model_decomposition_node",
        "parent_ref": "dm-root",
        "pass_number": 2,
        "pruning_reason": undefined,
        "release_id": null,
        "release_ordinal": null,
        "root_ref": "dm-root",
        "status": "decomposed",
        "surfaced_assumption_ids": [],
        "tier": "A",
      },
      "record_type": "data_model_decomposition_node",
      "sub_phase_id": "data_model_saturation",
    },
    {
      "content": {
        "decomposition_rationale": undefined,
        "depth": 2,
        "display_key": "dm-cluster-leaf",
        "entity": {
          "active_constraints": [],
          "component_id": "comp-x",
          "fields": [
            {
              "is_identity": true,
              "name": "id",
              "type": "uuid",
            },
            {
              "name": "[[MATCH_CLUSTERLEAF]] marker",
              "type": "string",
            },
          ],
          "id": "dm-cluster-leaf",
          "kind": "value_type",
          "name": "Entity dm-cluster-leaf",
          "relationships": [],
        },
        "kind": "data_model_decomposition_node",
        "parent_ref": "dm-cluster",
        "pass_number": 2,
        "pruning_reason": undefined,
        "release_id": null,
        "release_ordinal": null,
        "root_ref": "dm-root",
        "status": "atomic",
        "surfaced_assumption_ids": [],
        "tier": "D",
      },
      "record_type": "data_model_decomposition_node",
      "sub_phase_id": "data_model_saturation",
    },
    {
      "content": {
        "decomposition_rationale": undefined,
        "depth": 1,
        "display_key": "dm-cluster",
        "entity": {
          "active_constraints": [],
          "component_id": "comp-x",
          "fields": [
            {
              "is_identity": true,
              "name": "id",
              "type": "uuid",
            },
            {
              "name": "[[MATCH_CLUSTER]] marker",
              "type": "string",
            },
          ],
          "id": "dm-cluster",
          "kind": "entity",
          "name": "Entity dm-cluster",
          "relationships": [],
        },
        "kind": "data_model_decomposition_node",
        "parent_ref": "dm-root",
        "pass_number": 1,
        "pruning_reason": undefined,
        "release_id": null,
        "release_ordinal": null,
        "root_ref": "dm-root",
        "status": "pending",
        "surfaced_assumption_ids": [
          "DA-0001",
          "DA-0002",
        ],
        "tier": "C",
      },
      "record_type": "data_model_decomposition_node",
      "sub_phase_id": "data_model_saturation",
    },
    {
      "content": {
        "decomposition_rationale": undefined,
        "depth": 1,
        "display_key": "dm-cluster",
        "entity": {
          "active_constraints": [],
          "component_id": "comp-x",
          "fields": [
            {
              "is_identity": true,
              "name": "id",
              "type": "uuid",
            },
            {
              "name": "[[MATCH_CLUSTER]] marker",
              "type": "string",
            },
          ],
          "id": "dm-cluster",
          "kind": "entity",
          "name": "Entity dm-cluster",
          "relationships": [],
        },
        "kind": "data_model_decomposition_node",
        "parent_ref": "dm-root",
        "pass_number": 2,
        "pruning_reason": undefined,
        "release_id": null,
        "release_ordinal": null,
        "root_ref": "dm-root",
        "status": "decomposed",
        "surfaced_assumption_ids": [],
        "tier": "C",
      },
      "record_type": "data_model_decomposition_node",
      "sub_phase_id": "data_model_saturation",
    },
    {
      "content": {
        "decomposition_rationale": undefined,
        "depth": 2,
        "display_key": "dm-entity-leaf",
        "entity": {
          "active_constraints": [],
          "component_id": "comp-x",
          "fields": [
            {
              "is_identity": true,
              "name": "id",
              "type": "uuid",
            },
            {
              "name": "[[MATCH_ENTITYLEAF]] marker",
              "type": "string",
            },
          ],
          "id": "dm-entity-leaf",
          "kind": "value_type",
          "name": "Entity dm-entity-leaf",
          "relationships": [],
        },
        "kind": "data_model_decomposition_node",
        "parent_ref": "dm-entity",
        "pass_number": 2,
        "pruning_reason": undefined,
        "release_id": null,
        "release_ordinal": null,
        "root_ref": "dm-root",
        "status": "atomic",
        "surfaced_assumption_ids": [],
        "tier": "D",
      },
      "record_type": "data_model_decomposition_node",
      "sub_phase_id": "data_model_saturation",
    },
    {
      "content": {
        "decomposition_rationale": "scope commitment",
        "depth": 1,
        "display_key": "dm-entity",
        "entity": {
          "active_constraints": [],
          "component_id": "comp-x",
          "fields": [
            {
              "is_identity": true,
              "name": "id",
              "type": "uuid",
            },
            {
              "name": "[[MATCH_ENTITY]] marker",
              "type": "string",
            },
          ],
          "id": "dm-entity",
          "kind": "entity",
          "name": "Entity dm-entity",
          "relationships": [],
        },
        "kind": "data_model_decomposition_node",
        "parent_ref": "dm-root",
        "pass_number": 1,
        "pruning_reason": undefined,
        "release_id": null,
        "release_ordinal": null,
        "root_ref": "dm-root",
        "status": "pending",
        "surfaced_assumption_ids": [
          "DA-0001",
          "DA-0002",
        ],
        "tier": "B",
      },
      "record_type": "data_model_decomposition_node",
      "sub_phase_id": "data_model_saturation",
    },
    {
      "content": {
        "decomposition_rationale": undefined,
        "depth": 1,
        "display_key": "dm-entity",
        "entity": {
          "active_constraints": [],
          "component_id": "comp-x",
          "fields": [
            {
              "is_identity": true,
              "name": "id",
              "type": "uuid",
            },
            {
              "name": "[[MATCH_ENTITY]] marker",
              "type": "string",
            },
          ],
          "id": "dm-entity",
          "kind": "entity",
          "name": "Entity dm-entity",
          "relationships": [],
        },
        "kind": "data_model_decomposition_node",
        "parent_ref": "dm-root",
        "pass_number": 2,
        "pruning_reason": undefined,
        "release_id": null,
        "release_ordinal": null,
        "root_ref": "dm-root",
        "status": "decomposed",
        "surfaced_assumption_ids": [],
        "tier": "B",
      },
      "record_type": "data_model_decomposition_node",
      "sub_phase_id": "data_model_saturation",
    },
    {
      "content": {
        "decomposition_rationale": "atomic value alpha",
        "depth": 1,
        "display_key": "dm-leaf-alpha",
        "entity": {
          "active_constraints": [],
          "component_id": "comp-x",
          "fields": [
            {
              "is_identity": true,
              "name": "id",
              "type": "uuid",
            },
            {
              "name": "[[MATCH_ALPHA]] marker",
              "type": "string",
            },
          ],
          "id": "dm-leaf-alpha",
          "kind": "value_type",
          "name": "Entity dm-leaf-alpha",
          "relationships": [],
        },
        "kind": "data_model_decomposition_node",
        "parent_ref": "dm-root",
        "pass_number": 1,
        "pruning_reason": undefined,
        "release_id": null,
        "release_ordinal": null,
        "root_ref": "dm-root",
        "status": "atomic",
        "surfaced_assumption_ids": [
          "DA-0001",
          "DA-0002",
        ],
        "tier": "D",
      },
      "record_type": "data_model_decomposition_node",
      "sub_phase_id": "data_model_saturation",
    },
    {
      "content": {
        "decomposition_rationale": undefined,
        "depth": 1,
        "display_key": "dm-leaf-beta",
        "entity": {
          "active_constraints": [],
          "component_id": "comp-x",
          "fields": [
            {
              "is_identity": true,
              "name": "id",
              "type": "uuid",
            },
            {
              "name": "[[MATCH_BETA]] marker",
              "type": "string",
            },
          ],
          "id": "dm-leaf-beta",
          "kind": "value_type",
          "name": "Entity dm-leaf-beta",
          "relationships": [],
        },
        "kind": "data_model_decomposition_node",
        "parent_ref": "dm-root",
        "pass_number": 1,
        "pruning_reason": undefined,
        "release_id": null,
        "release_ordinal": null,
        "root_ref": "dm-root",
        "status": "atomic",
        "surfaced_assumption_ids": [
          "DA-0001",
          "DA-0002",
        ],
        "tier": "D",
      },
      "record_type": "data_model_decomposition_node",
      "sub_phase_id": "data_model_saturation",
    },
    {
      "content": {
        "decomposition_rationale": undefined,
        "depth": 0,
        "display_key": "dm-root",
        "entity": {
          "active_constraints": [],
          "component_id": "comp-x",
          "fields": [
            {
              "is_identity": true,
              "name": "id",
              "type": "uuid",
            },
            {
              "name": "[[MATCH_ROOT]] marker",
              "type": "string",
            },
          ],
          "id": "dm-root",
          "kind": "aggregate",
          "name": "Root Aggregate",
          "relationships": [],
          "traces_to": [],
        },
        "kind": "data_model_decomposition_node",
        "parent_ref": null,
        "pass_number": 0,
        "pruning_reason": undefined,
        "release_id": null,
        "release_ordinal": null,
        "root_ref": "dm-root",
        "status": "pending",
        "surfaced_assumption_ids": [],
        "tier": undefined,
      },
      "record_type": "data_model_decomposition_node",
      "sub_phase_id": "5.1a",
    },
    {
      "content": {
        "decomposition_rationale": undefined,
        "depth": 0,
        "display_key": "dm-root",
        "entity": {
          "active_constraints": [],
          "component_id": "comp-x",
          "fields": [
            {
              "is_identity": true,
              "name": "id",
              "type": "uuid",
            },
            {
              "name": "[[MATCH_ROOT]] marker",
              "type": "string",
            },
          ],
          "id": "dm-root",
          "kind": "aggregate",
          "name": "Root Aggregate",
          "relationships": [],
          "traces_to": [],
        },
        "kind": "data_model_decomposition_node",
        "parent_ref": null,
        "pass_number": 1,
        "pruning_reason": undefined,
        "release_id": null,
        "release_ordinal": null,
        "root_ref": "dm-root",
        "status": "decomposed",
        "surfaced_assumption_ids": [],
        "tier": undefined,
      },
      "record_type": "data_model_decomposition_node",
      "sub_phase_id": "5.1a",
    },
  ],
  "pipelines": [
    {
      "content": {
        "final_leaf_count": undefined,
        "final_max_depth": undefined,
        "kind": "data_model_decomposition_pipeline",
        "passes": [],
        "pipeline_id": "<pipeline-id>",
        "root_entity_id": "*",
        "tier_distribution": undefined,
        "total_llm_calls": undefined,
      },
      "record_type": "data_model_decomposition_pipeline",
      "sub_phase_id": "data_model_saturation",
    },
    {
      "content": {
        "final_leaf_count": undefined,
        "final_max_depth": undefined,
        "kind": "data_model_decomposition_pipeline",
        "passes": [
          {
            "assumption_delta": 2,
            "nodes_produced": 5,
            "pass_number": 1,
            "status": "completed",
            "termination_reason": undefined,
          },
        ],
        "pipeline_id": "<pipeline-id>",
        "root_entity_id": "*",
        "tier_distribution": undefined,
        "total_llm_calls": undefined,
      },
      "record_type": "data_model_decomposition_pipeline",
      "sub_phase_id": "data_model_saturation",
    },
    {
      "content": {
        "final_leaf_count": undefined,
        "final_max_depth": undefined,
        "kind": "data_model_decomposition_pipeline",
        "passes": [
          {
            "assumption_delta": 2,
            "nodes_produced": 5,
            "pass_number": 1,
            "status": "completed",
            "termination_reason": undefined,
          },
          {
            "assumption_delta": 1,
            "nodes_produced": 3,
            "pass_number": 2,
            "status": "completed",
            "termination_reason": undefined,
          },
        ],
        "pipeline_id": "<pipeline-id>",
        "root_entity_id": "*",
        "tier_distribution": undefined,
        "total_llm_calls": undefined,
      },
      "record_type": "data_model_decomposition_pipeline",
      "sub_phase_id": "data_model_saturation",
    },
    {
      "content": {
        "final_leaf_count": 5,
        "final_max_depth": 2,
        "kind": "data_model_decomposition_pipeline",
        "passes": [
          {
            "assumption_delta": 2,
            "nodes_produced": 5,
            "pass_number": 1,
            "status": "completed",
            "termination_reason": undefined,
          },
          {
            "assumption_delta": 1,
            "nodes_produced": 3,
            "pass_number": 2,
            "status": "completed",
            "termination_reason": "fixed_point",
          },
        ],
        "pipeline_id": "<pipeline-id>",
        "root_entity_id": "*",
        "tier_distribution": {
          "A": 1,
          "B": 1,
          "C": 1,
          "D": 5,
        },
        "total_llm_calls": 4,
      },
      "record_type": "data_model_decomposition_pipeline",
      "sub_phase_id": "data_model_saturation",
    },
  ],
  "snapshots": [
    {
      "content": {
        "assumptions": [
          {
            "category": "identity",
            "citations": undefined,
            "id": "DA-0001",
            "source": "decomposition",
            "surfaced_at_pass": 1,
            "surfaced_at_ref": "dm-root",
            "text": "Root aggregate owns its consistency boundary",
          },
          {
            "category": "ownership",
            "citations": undefined,
            "id": "DA-0002",
            "source": "decomposition",
            "surfaced_at_pass": 1,
            "surfaced_at_ref": "dm-root",
            "text": "Root persists before acknowledging writes",
          },
        ],
        "delta_from_previous_pass": 2,
        "kind": "data_model_assumption_set_snapshot",
        "pass_number": 1,
        "root_entity_id": "*",
        "semantic_delta": 2,
      },
      "record_type": "data_model_assumption_set_snapshot",
      "sub_phase_id": "data_model_saturation",
    },
    {
      "content": {
        "assumptions": [
          {
            "category": "identity",
            "citations": undefined,
            "id": "DA-0001",
            "source": "decomposition",
            "surfaced_at_pass": 1,
            "surfaced_at_ref": "dm-root",
            "text": "Root aggregate owns its consistency boundary",
          },
          {
            "category": "ownership",
            "citations": undefined,
            "id": "DA-0002",
            "source": "decomposition",
            "surfaced_at_pass": 1,
            "surfaced_at_ref": "dm-root",
            "text": "Root persists before acknowledging writes",
          },
          {
            "category": "cardinality",
            "citations": undefined,
            "id": "DA-0003",
            "source": "decomposition",
            "surfaced_at_pass": 2,
            "surfaced_at_ref": "dm-agg",
            "text": "Aggregate leaf shares the parent identity key",
          },
        ],
        "delta_from_previous_pass": 1,
        "kind": "data_model_assumption_set_snapshot",
        "pass_number": 2,
        "root_entity_id": "*",
        "semantic_delta": 1,
      },
      "record_type": "data_model_assumption_set_snapshot",
      "sub_phase_id": "data_model_saturation",
    },
  ],
  "telemetry": {
    "active_data_model_pipeline_id": "data-model-decomp-pipe-<run8>",
    "data_model_decomposition_budget_calls_used": 4,
    "data_model_decomposition_max_depth_reached": 2,
  },
}
`;
