// Vitest Snapshot v1, https://vitest.dev/guide/snapshot.html

exports[`runTaskSaturationLoop — record-stream golden snapshot > pins the full persisted record stream + telemetry for a mixed-tier, multi-pass decomposition 1`] = `
{
  "bundles": [
    {
      "content": {
        "bundle_id": "task-decomp-gate-task-root",
        "bundle_type": "mirror_decision",
        "context": "These are scope commitments under "task-root" identified during recursive task decomposition. Accept the ones in scope; reject any out-of-scope.",
        "items": [
          {
            "description": "• commitment met",
            "details": {
              "active_constraints": [],
              "completion_criteria": 1,
              "component_id": "comp-x",
              "dependencies": [],
              "task_id": "task-story",
            },
            "item_id": "child-0",
            "title": "Story Commitment (task-story)",
          },
        ],
        "kind": "decision_bundle",
        "title": "Tier-B Task Commitments under "task-root"",
      },
      "record_type": "decision_bundle_presented",
      "sub_phase_id": "task_saturation",
    },
  ],
  "nodes": [
    {
      "content": {
        "decomposition_rationale": undefined,
        "depth": 2,
        "display_key": "task-epic-leaf",
        "kind": "task_decomposition_node",
        "parent_ref": "task-epic",
        "pass_number": 2,
        "pruning_reason": undefined,
        "release_id": null,
        "release_ordinal": null,
        "root_ref": "task-root",
        "status": "atomic",
        "surfaced_assumption_ids": [
          "TA-0003",
        ],
        "task": {
          "active_constraints": [],
          "completion_criteria": [
            {
              "criterion_id": "cc-epicleaf-1",
              "description": "epic leaf done",
            },
          ],
          "component_id": "comp-x",
          "component_responsibility": "do work",
          "description": "epic leaf work [[MATCH_EPICLEAF]]",
          "id": "task-epic-leaf",
          "name": "Epic Leaf",
          "task_type": "standard",
          "traces_to": [],
          "write_directory_paths": [
            "src/x",
          ],
        },
        "tier": "D",
      },
      "record_type": "task_decomposition_node",
      "sub_phase_id": "task_saturation",
    },
    {
      "content": {
        "decomposition_rationale": "multi-cluster",
        "depth": 1,
        "display_key": "task-epic",
        "kind": "task_decomposition_node",
        "parent_ref": "task-root",
        "pass_number": 1,
        "pruning_reason": undefined,
        "release_id": null,
        "release_ordinal": null,
        "root_ref": "task-root",
        "status": "pending",
        "surfaced_assumption_ids": [
          "TA-0001",
          "TA-0002",
        ],
        "task": {
          "active_constraints": [],
          "completion_criteria": [
            {
              "criterion_id": "cc-epic-1",
              "description": "epic recursion",
            },
          ],
          "component_id": "comp-x",
          "component_responsibility": "do work",
          "description": "epic body [[MATCH_EPIC]]",
          "id": "task-epic",
          "name": "Epic Child",
          "task_type": "standard",
          "traces_to": [],
          "write_directory_paths": [
            "src/x",
          ],
        },
        "tier": "A",
      },
      "record_type": "task_decomposition_node",
      "sub_phase_id": "task_saturation",
    },
    {
      "content": {
        "decomposition_rationale": undefined,
        "depth": 1,
        "display_key": "task-epic",
        "kind": "task_decomposition_node",
        "parent_ref": "task-root",
        "pass_number": 2,
        "pruning_reason": undefined,
        "release_id": null,
        "release_ordinal": null,
        "root_ref": "task-root",
        "status": "decomposed",
        "surfaced_assumption_ids": [],
        "task": {
          "active_constraints": [],
          "completion_criteria": [
            {
              "criterion_id": "cc-epic-1",
              "description": "epic recursion",
            },
          ],
          "component_id": "comp-x",
          "component_responsibility": "do work",
          "description": "epic body [[MATCH_EPIC]]",
          "id": "task-epic",
          "name": "Epic Child",
          "task_type": "standard",
          "traces_to": [],
          "write_directory_paths": [
            "src/x",
          ],
        },
        "tier": "A",
      },
      "record_type": "task_decomposition_node",
      "sub_phase_id": "task_saturation",
    },
    {
      "content": {
        "decomposition_rationale": "single session alpha",
        "depth": 1,
        "display_key": "task-leaf-alpha",
        "kind": "task_decomposition_node",
        "parent_ref": "task-root",
        "pass_number": 1,
        "pruning_reason": undefined,
        "release_id": null,
        "release_ordinal": null,
        "root_ref": "task-root",
        "status": "atomic",
        "surfaced_assumption_ids": [
          "TA-0001",
          "TA-0002",
        ],
        "task": {
          "active_constraints": [],
          "completion_criteria": [
            {
              "criterion_id": "cc-alpha-1",
              "description": "alpha done",
            },
          ],
          "component_id": "comp-x",
          "component_responsibility": "do work",
          "description": "alpha leaf work [[MATCH_ALPHA]]",
          "estimated_complexity": "low",
          "id": "task-leaf-alpha",
          "name": "Leaf Alpha",
          "task_type": "standard",
          "traces_to": [],
          "write_directory_paths": [
            "src/x",
          ],
        },
        "tier": "D",
      },
      "record_type": "task_decomposition_node",
      "sub_phase_id": "task_saturation",
    },
    {
      "content": {
        "decomposition_rationale": undefined,
        "depth": 1,
        "display_key": "task-leaf-beta",
        "kind": "task_decomposition_node",
        "parent_ref": "task-root",
        "pass_number": 1,
        "pruning_reason": undefined,
        "release_id": null,
        "release_ordinal": null,
        "root_ref": "task-root",
        "status": "atomic",
        "surfaced_assumption_ids": [
          "TA-0001",
          "TA-0002",
        ],
        "task": {
          "active_constraints": [],
          "completion_criteria": [
            {
              "criterion_id": "cc-beta-1",
              "description": "beta done",
            },
          ],
          "component_id": "comp-x",
          "component_responsibility": "do work",
          "description": "beta leaf work [[MATCH_BETA]]",
          "id": "task-leaf-beta",
          "name": "Leaf Beta",
          "task_type": "standard",
          "traces_to": [],
          "write_directory_paths": [
            "src/x",
          ],
        },
        "tier": "D",
      },
      "record_type": "task_decomposition_node",
      "sub_phase_id": "task_saturation",
    },
    {
      "content": {
        "decomposition_rationale": undefined,
        "depth": 2,
        "display_key": "task-mid-leaf",
        "kind": "task_decomposition_node",
        "parent_ref": "task-mid",
        "pass_number": 2,
        "pruning_reason": undefined,
        "release_id": null,
        "release_ordinal": null,
        "root_ref": "task-root",
        "status": "atomic",
        "surfaced_assumption_ids": [],
        "task": {
          "active_constraints": [],
          "completion_criteria": [
            {
              "criterion_id": "cc-midleaf-1",
              "description": "mid leaf done",
            },
          ],
          "component_id": "comp-x",
          "component_responsibility": "do work",
          "description": "mid leaf work [[MATCH_MIDLEAF]]",
          "id": "task-mid-leaf",
          "name": "Mid Leaf",
          "task_type": "standard",
          "traces_to": [],
          "write_directory_paths": [
            "src/x",
          ],
        },
        "tier": "D",
      },
      "record_type": "task_decomposition_node",
      "sub_phase_id": "task_saturation",
    },
    {
      "content": {
        "decomposition_rationale": undefined,
        "depth": 1,
        "display_key": "task-mid",
        "kind": "task_decomposition_node",
        "parent_ref": "task-root",
        "pass_number": 1,
        "pruning_reason": undefined,
        "release_id": null,
        "release_ordinal": null,
        "root_ref": "task-root",
        "status": "pending",
        "surfaced_assumption_ids": [
          "TA-0001",
          "TA-0002",
        ],
        "task": {
          "active_constraints": [],
          "completion_criteria": [
            {
              "criterion_id": "cc-mid-1",
              "description": "mid one more pass",
            },
          ],
          "component_id": "comp-x",
          "component_responsibility": "do work",
          "description": "mid body [[MATCH_MID]]",
          "id": "task-mid",
          "name": "Mid Task",
          "task_type": "standard",
          "traces_to": [],
          "write_directory_paths": [
            "src/x",
          ],
        },
        "tier": "C",
      },
      "record_type": "task_decomposition_node",
      "sub_phase_id": "task_saturation",
    },
    {
      "content": {
        "decomposition_rationale": undefined,
        "depth": 1,
        "display_key": "task-mid",
        "kind": "task_decomposition_node",
        "parent_ref": "task-root",
        "pass_number": 2,
        "pruning_reason": undefined,
        "release_id": null,
        "release_ordinal": null,
        "root_ref": "task-root",
        "status": "decomposed",
        "surfaced_assumption_ids": [],
        "task": {
          "active_constraints": [],
          "completion_criteria": [
            {
              "criterion_id": "cc-mid-1",
              "description": "mid one more pass",
            },
          ],
          "component_id": "comp-x",
          "component_responsibility": "do work",
          "description": "mid body [[MATCH_MID]]",
          "id": "task-mid",
          "name": "Mid Task",
          "task_type": "standard",
          "traces_to": [],
          "write_directory_paths": [
            "src/x",
          ],
        },
        "tier": "C",
      },
      "record_type": "task_decomposition_node",
      "sub_phase_id": "task_saturation",
    },
    {
      "content": {
        "decomposition_rationale": undefined,
        "depth": 0,
        "display_key": "task-root",
        "kind": "task_decomposition_node",
        "parent_ref": null,
        "pass_number": 0,
        "pruning_reason": undefined,
        "release_id": null,
        "release_ordinal": null,
        "root_ref": "task-root",
        "status": "pending",
        "surfaced_assumption_ids": [],
        "task": {
          "completion_criteria": [
            {
              "criterion_id": "cc-task-root-1",
              "description": "root works",
            },
          ],
          "component_id": "comp-x",
          "component_responsibility": "do work",
          "description": "root body [[MATCH_ROOT]]",
          "estimated_complexity": "medium",
          "id": "task-root",
          "name": "task-root",
        },
        "tier": undefined,
      },
      "record_type": "task_decomposition_node",
      "sub_phase_id": "6.1a",
    },
    {
      "content": {
        "decomposition_rationale": undefined,
        "depth": 0,
        "display_key": "task-root",
        "kind": "task_decomposition_node",
        "parent_ref": null,
        "pass_number": 1,
        "pruning_reason": undefined,
        "release_id": null,
        "release_ordinal": null,
        "root_ref": "task-root",
        "status": "decomposed",
        "surfaced_assumption_ids": [],
        "task": {
          "completion_criteria": [
            {
              "criterion_id": "cc-task-root-1",
              "description": "root works",
            },
          ],
          "component_id": "comp-x",
          "component_responsibility": "do work",
          "description": "root body [[MATCH_ROOT]]",
          "estimated_complexity": "medium",
          "id": "task-root",
          "name": "task-root",
        },
        "tier": undefined,
      },
      "record_type": "task_decomposition_node",
      "sub_phase_id": "6.1a",
    },
    {
      "content": {
        "decomposition_rationale": undefined,
        "depth": 2,
        "display_key": "task-story-leaf",
        "kind": "task_decomposition_node",
        "parent_ref": "task-story",
        "pass_number": 2,
        "pruning_reason": undefined,
        "release_id": null,
        "release_ordinal": null,
        "root_ref": "task-root",
        "status": "atomic",
        "surfaced_assumption_ids": [],
        "task": {
          "active_constraints": [],
          "completion_criteria": [
            {
              "criterion_id": "cc-storyleaf-1",
              "description": "story leaf done",
            },
          ],
          "component_id": "comp-x",
          "component_responsibility": "do work",
          "description": "story leaf work [[MATCH_STORYLEAF]]",
          "id": "task-story-leaf",
          "name": "Story Leaf",
          "task_type": "standard",
          "traces_to": [],
          "write_directory_paths": [
            "src/x",
          ],
        },
        "tier": "D",
      },
      "record_type": "task_decomposition_node",
      "sub_phase_id": "task_saturation",
    },
    {
      "content": {
        "decomposition_rationale": "scope commitment",
        "depth": 1,
        "display_key": "task-story",
        "kind": "task_decomposition_node",
        "parent_ref": "task-root",
        "pass_number": 1,
        "pruning_reason": undefined,
        "release_id": null,
        "release_ordinal": null,
        "root_ref": "task-root",
        "status": "pending",
        "surfaced_assumption_ids": [
          "TA-0001",
          "TA-0002",
        ],
        "task": {
          "active_constraints": [],
          "completion_criteria": [
            {
              "criterion_id": "cc-story-1",
              "description": "commitment met",
            },
          ],
          "component_id": "comp-x",
          "component_responsibility": "do work",
          "description": "story body [[MATCH_STORY]]",
          "id": "task-story",
          "name": "Story Commitment",
          "task_type": "standard",
          "traces_to": [],
          "write_directory_paths": [
            "src/x",
          ],
        },
        "tier": "B",
      },
      "record_type": "task_decomposition_node",
      "sub_phase_id": "task_saturation",
    },
    {
      "content": {
        "decomposition_rationale": undefined,
        "depth": 1,
        "display_key": "task-story",
        "kind": "task_decomposition_node",
        "parent_ref": "task-root",
        "pass_number": 2,
        "pruning_reason": undefined,
        "release_id": null,
        "release_ordinal": null,
        "root_ref": "task-root",
        "status": "decomposed",
        "surfaced_assumption_ids": [],
        "task": {
          "active_constraints": [],
          "completion_criteria": [
            {
              "criterion_id": "cc-story-1",
              "description": "commitment met",
            },
          ],
          "component_id": "comp-x",
          "component_responsibility": "do work",
          "description": "story body [[MATCH_STORY]]",
          "id": "task-story",
          "name": "Story Commitment",
          "task_type": "standard",
          "traces_to": [],
          "write_directory_paths": [
            "src/x",
          ],
        },
        "tier": "B",
      },
      "record_type": "task_decomposition_node",
      "sub_phase_id": "task_saturation",
    },
  ],
  "pipelines": [
    {
      "content": {
        "final_leaf_count": undefined,
        "final_max_depth": undefined,
        "kind": "task_decomposition_pipeline",
        "passes": [],
        "pipeline_id": "<pipeline-id>",
        "root_task_id": "*",
        "tier_distribution": undefined,
        "total_llm_calls": undefined,
      },
      "record_type": "task_decomposition_pipeline",
      "sub_phase_id": "task_saturation",
    },
    {
      "content": {
        "final_leaf_count": undefined,
        "final_max_depth": undefined,
        "kind": "task_decomposition_pipeline",
        "passes": [
          {
            "assumption_delta": 2,
            "nodes_produced": 5,
            "pass_number": 1,
            "status": "completed",
            "termination_reason": undefined,
          },
        ],
        "pipeline_id": "<pipeline-id>",
        "root_task_id": "*",
        "tier_distribution": undefined,
        "total_llm_calls": undefined,
      },
      "record_type": "task_decomposition_pipeline",
      "sub_phase_id": "task_saturation",
    },
    {
      "content": {
        "final_leaf_count": undefined,
        "final_max_depth": undefined,
        "kind": "task_decomposition_pipeline",
        "passes": [
          {
            "assumption_delta": 2,
            "nodes_produced": 5,
            "pass_number": 1,
            "status": "completed",
            "termination_reason": undefined,
          },
          {
            "assumption_delta": 1,
            "nodes_produced": 3,
            "pass_number": 2,
            "status": "completed",
            "termination_reason": undefined,
          },
        ],
        "pipeline_id": "<pipeline-id>",
        "root_task_id": "*",
        "tier_distribution": undefined,
        "total_llm_calls": undefined,
      },
      "record_type": "task_decomposition_pipeline",
      "sub_phase_id": "task_saturation",
    },
    {
      "content": {
        "final_leaf_count": 5,
        "final_max_depth": 2,
        "kind": "task_decomposition_pipeline",
        "passes": [
          {
            "assumption_delta": 2,
            "nodes_produced": 5,
            "pass_number": 1,
            "status": "completed",
            "termination_reason": undefined,
          },
          {
            "assumption_delta": 1,
            "nodes_produced": 3,
            "pass_number": 2,
            "status": "completed",
            "termination_reason": "fixed_point",
          },
        ],
        "pipeline_id": "<pipeline-id>",
        "root_task_id": "*",
        "tier_distribution": {
          "A": 1,
          "B": 1,
          "C": 1,
          "D": 5,
        },
        "total_llm_calls": 4,
      },
      "record_type": "task_decomposition_pipeline",
      "sub_phase_id": "task_saturation",
    },
  ],
  "snapshots": [
    {
      "content": {
        "assumptions": [
          {
            "category": "implementation_choice",
            "citations": undefined,
            "id": "TA-0001",
            "source": "decomposition",
            "surfaced_at_pass": 1,
            "surfaced_at_ref": "task-root",
            "text": "Root work assumes a local cache",
          },
          {
            "category": "sequencing",
            "citations": undefined,
            "id": "TA-0002",
            "source": "decomposition",
            "surfaced_at_pass": 1,
            "surfaced_at_ref": "task-root",
            "text": "Root commits before responding",
          },
        ],
        "delta_from_previous_pass": 2,
        "kind": "task_assumption_set_snapshot",
        "pass_number": 1,
        "root_task_id": "*",
        "semantic_delta": 2,
      },
      "record_type": "task_assumption_set_snapshot",
      "sub_phase_id": "task_saturation",
    },
    {
      "content": {
        "assumptions": [
          {
            "category": "implementation_choice",
            "citations": undefined,
            "id": "TA-0001",
            "source": "decomposition",
            "surfaced_at_pass": 1,
            "surfaced_at_ref": "task-root",
            "text": "Root work assumes a local cache",
          },
          {
            "category": "sequencing",
            "citations": undefined,
            "id": "TA-0002",
            "source": "decomposition",
            "surfaced_at_pass": 1,
            "surfaced_at_ref": "task-root",
            "text": "Root commits before responding",
          },
          {
            "category": "dependency",
            "citations": undefined,
            "id": "TA-0003",
            "source": "decomposition",
            "surfaced_at_pass": 2,
            "surfaced_at_ref": "task-epic",
            "text": "Epic leaf reuses the shared client",
          },
        ],
        "delta_from_previous_pass": 1,
        "kind": "task_assumption_set_snapshot",
        "pass_number": 2,
        "root_task_id": "*",
        "semantic_delta": 1,
      },
      "record_type": "task_assumption_set_snapshot",
      "sub_phase_id": "task_saturation",
    },
  ],
  "telemetry": {
    "active_task_pipeline_id": "task-decomp-pipe-<run8>",
    "task_decomposition_budget_calls_used": 4,
    "task_decomposition_max_depth_reached": 2,
  },
}
`;
