// Vitest Snapshot v1, https://vitest.dev/guide/snapshot.html

exports[`runTestSaturationLoop — record-stream golden snapshot > pins the full persisted record stream + telemetry for a mixed-tier, multi-pass decomposition 1`] = `
{
  "bundles": [
    {
      "content": {
        "bundle_id": "test-decomp-gate-test-root",
        "bundle_type": "mirror_decision",
        "context": "These are scope commitments under "test-root" identified during recursive test decomposition. Accept the ones in scope; reject any out-of-scope.",
        "items": [
          {
            "description": "• story body work [[MATCH_STORY]]",
            "details": {
              "acceptance_criterion_ids": [
                "AC-001",
              ],
              "active_constraints": [],
              "component_ids": [
                "comp-x",
              ],
              "test_id": "test-story",
              "test_type": "integration",
            },
            "item_id": "child-0",
            "title": "Story Commitment (test-story)",
          },
        ],
        "kind": "decision_bundle",
        "title": "Tier-B Test Scenarios under "test-root"",
      },
      "record_type": "decision_bundle_presented",
      "sub_phase_id": "test_case_saturation",
    },
  ],
  "nodes": [
    {
      "content": {
        "atomic_criteria_satisfied": undefined,
        "decomposition_rationale": undefined,
        "depth": 2,
        "display_key": "test-epic-leaf",
        "kind": "test_decomposition_node",
        "parent_ref": "test-epic",
        "pass_number": 2,
        "pruning_reason": undefined,
        "release_id": null,
        "release_ordinal": null,
        "root_ref": "test-root",
        "status": "atomic",
        "surfaced_assumption_ids": [
          "TS-0003",
        ],
        "test_case": {
          "acceptance_criterion_ids": [
            "AC-001",
          ],
          "active_constraints": [],
          "component_ids": [
            "comp-x",
          ],
          "expected_outcome": "epic leaf passes",
          "id": "test-epic-leaf",
          "name": "Epic Leaf",
          "steps": [
            {
              "description": "verify epic leaf",
              "id": "s1",
              "phase": "assert",
            },
          ],
          "test_type": "integration",
        },
        "tier": "D",
      },
      "record_type": "test_decomposition_node",
      "sub_phase_id": "test_case_saturation",
    },
    {
      "content": {
        "atomic_criteria_satisfied": undefined,
        "decomposition_rationale": "multi-cluster suite",
        "depth": 1,
        "display_key": "test-epic",
        "kind": "test_decomposition_node",
        "parent_ref": "test-root",
        "pass_number": 1,
        "pruning_reason": undefined,
        "release_id": null,
        "release_ordinal": null,
        "root_ref": "test-root",
        "status": "pending",
        "surfaced_assumption_ids": [
          "TS-0001",
          "TS-0002",
        ],
        "test_case": {
          "acceptance_criterion_ids": [
            "AC-001",
          ],
          "active_constraints": [],
          "component_ids": [
            "comp-x",
          ],
          "expected_outcome": "epic recurses",
          "id": "test-epic",
          "name": "Epic Scenario",
          "steps": [
            {
              "description": "epic body work [[MATCH_EPIC]]",
              "id": "s1",
              "phase": "act",
            },
          ],
          "test_type": "integration",
        },
        "tier": "A",
      },
      "record_type": "test_decomposition_node",
      "sub_phase_id": "test_case_saturation",
    },
    {
      "content": {
        "atomic_criteria_satisfied": undefined,
        "decomposition_rationale": undefined,
        "depth": 1,
        "display_key": "test-epic",
        "kind": "test_decomposition_node",
        "parent_ref": "test-root",
        "pass_number": 2,
        "pruning_reason": undefined,
        "release_id": null,
        "release_ordinal": null,
        "root_ref": "test-root",
        "status": "decomposed",
        "surfaced_assumption_ids": [],
        "test_case": {
          "acceptance_criterion_ids": [
            "AC-001",
          ],
          "active_constraints": [],
          "component_ids": [
            "comp-x",
          ],
          "expected_outcome": "epic recurses",
          "id": "test-epic",
          "name": "Epic Scenario",
          "steps": [
            {
              "description": "epic body work [[MATCH_EPIC]]",
              "id": "s1",
              "phase": "act",
            },
          ],
          "test_type": "integration",
        },
        "tier": "A",
      },
      "record_type": "test_decomposition_node",
      "sub_phase_id": "test_case_saturation",
    },
    {
      "content": {
        "atomic_criteria_satisfied": undefined,
        "decomposition_rationale": "single-flow integration test",
        "depth": 1,
        "display_key": "test-leaf-alpha",
        "kind": "test_decomposition_node",
        "parent_ref": "test-root",
        "pass_number": 1,
        "pruning_reason": undefined,
        "release_id": null,
        "release_ordinal": null,
        "root_ref": "test-root",
        "status": "atomic",
        "surfaced_assumption_ids": [
          "TS-0001",
          "TS-0002",
        ],
        "test_case": {
          "acceptance_criterion_ids": [
            "AC-001",
          ],
          "active_constraints": [],
          "component_ids": [
            "comp-x",
          ],
          "expected_outcome": "alpha passes",
          "id": "test-leaf-alpha",
          "name": "Leaf Alpha",
          "preconditions": [
            "fresh db",
          ],
          "steps": [
            {
              "description": "seed alpha fixtures",
              "id": "s1",
              "phase": "arrange",
            },
            {
              "description": "invoke alpha",
              "id": "s2",
              "phase": "act",
            },
            {
              "description": "assert alpha result",
              "id": "s3",
              "phase": "assert",
            },
          ],
          "test_type": "integration",
        },
        "tier": "D",
      },
      "record_type": "test_decomposition_node",
      "sub_phase_id": "test_case_saturation",
    },
    {
      "content": {
        "atomic_criteria_satisfied": undefined,
        "decomposition_rationale": undefined,
        "depth": 1,
        "display_key": "test-leaf-beta",
        "kind": "test_decomposition_node",
        "parent_ref": "test-root",
        "pass_number": 1,
        "pruning_reason": undefined,
        "release_id": null,
        "release_ordinal": null,
        "root_ref": "test-root",
        "status": "atomic",
        "surfaced_assumption_ids": [
          "TS-0001",
          "TS-0002",
        ],
        "test_case": {
          "acceptance_criterion_ids": [
            "AC-002",
          ],
          "active_constraints": [],
          "component_ids": [
            "comp-x",
          ],
          "expected_outcome": "beta passes",
          "id": "test-leaf-beta",
          "name": "Leaf Beta",
          "steps": [
            {
              "description": "exercise beta unit",
              "id": "s1",
              "phase": "act",
            },
          ],
          "test_type": "unit",
        },
        "tier": "D",
      },
      "record_type": "test_decomposition_node",
      "sub_phase_id": "test_case_saturation",
    },
    {
      "content": {
        "atomic_criteria_satisfied": undefined,
        "decomposition_rationale": undefined,
        "depth": 2,
        "display_key": "test-mid-leaf",
        "kind": "test_decomposition_node",
        "parent_ref": "test-mid",
        "pass_number": 2,
        "pruning_reason": undefined,
        "release_id": null,
        "release_ordinal": null,
        "root_ref": "test-root",
        "status": "atomic",
        "surfaced_assumption_ids": [],
        "test_case": {
          "acceptance_criterion_ids": [
            "AC-002",
          ],
          "active_constraints": [],
          "component_ids": [
            "comp-x",
          ],
          "expected_outcome": "mid leaf passes",
          "id": "test-mid-leaf",
          "name": "Mid Leaf",
          "steps": [
            {
              "description": "verify mid leaf",
              "id": "s1",
              "phase": "assert",
            },
          ],
          "test_type": "integration",
        },
        "tier": "D",
      },
      "record_type": "test_decomposition_node",
      "sub_phase_id": "test_case_saturation",
    },
    {
      "content": {
        "atomic_criteria_satisfied": undefined,
        "decomposition_rationale": undefined,
        "depth": 1,
        "display_key": "test-mid",
        "kind": "test_decomposition_node",
        "parent_ref": "test-root",
        "pass_number": 1,
        "pruning_reason": undefined,
        "release_id": null,
        "release_ordinal": null,
        "root_ref": "test-root",
        "status": "pending",
        "surfaced_assumption_ids": [
          "TS-0001",
          "TS-0002",
        ],
        "test_case": {
          "acceptance_criterion_ids": [
            "AC-002",
          ],
          "active_constraints": [],
          "component_ids": [
            "comp-x",
          ],
          "expected_outcome": "mid one more pass",
          "id": "test-mid",
          "name": "Mid Scenario",
          "steps": [
            {
              "description": "mid body work [[MATCH_MID]]",
              "id": "s1",
              "phase": "act",
            },
          ],
          "test_type": "integration",
        },
        "tier": "C",
      },
      "record_type": "test_decomposition_node",
      "sub_phase_id": "test_case_saturation",
    },
    {
      "content": {
        "atomic_criteria_satisfied": undefined,
        "decomposition_rationale": undefined,
        "depth": 1,
        "display_key": "test-mid",
        "kind": "test_decomposition_node",
        "parent_ref": "test-root",
        "pass_number": 2,
        "pruning_reason": undefined,
        "release_id": null,
        "release_ordinal": null,
        "root_ref": "test-root",
        "status": "decomposed",
        "surfaced_assumption_ids": [],
        "test_case": {
          "acceptance_criterion_ids": [
            "AC-002",
          ],
          "active_constraints": [],
          "component_ids": [
            "comp-x",
          ],
          "expected_outcome": "mid one more pass",
          "id": "test-mid",
          "name": "Mid Scenario",
          "steps": [
            {
              "description": "mid body work [[MATCH_MID]]",
              "id": "s1",
              "phase": "act",
            },
          ],
          "test_type": "integration",
        },
        "tier": "C",
      },
      "record_type": "test_decomposition_node",
      "sub_phase_id": "test_case_saturation",
    },
    {
      "content": {
        "atomic_criteria_satisfied": undefined,
        "decomposition_rationale": undefined,
        "depth": 0,
        "display_key": "test-root",
        "kind": "test_decomposition_node",
        "parent_ref": null,
        "pass_number": 0,
        "pruning_reason": undefined,
        "release_id": null,
        "release_ordinal": null,
        "root_ref": "test-root",
        "status": "pending",
        "surfaced_assumption_ids": [],
        "test_case": {
          "acceptance_criterion_ids": [
            "AC-001",
          ],
          "component_ids": [
            "comp-x",
          ],
          "expected_outcome": "root suite passes",
          "id": "test-root",
          "name": "Root Suite",
          "preconditions": [
            "fresh db",
          ],
          "steps": [
            {
              "description": "root suite work [[MATCH_ROOT]]",
              "id": "s1",
              "phase": "act",
            },
          ],
          "test_type": "integration",
        },
        "tier": undefined,
      },
      "record_type": "test_decomposition_node",
      "sub_phase_id": "7.1a",
    },
    {
      "content": {
        "atomic_criteria_satisfied": undefined,
        "decomposition_rationale": undefined,
        "depth": 0,
        "display_key": "test-root",
        "kind": "test_decomposition_node",
        "parent_ref": null,
        "pass_number": 1,
        "pruning_reason": undefined,
        "release_id": null,
        "release_ordinal": null,
        "root_ref": "test-root",
        "status": "decomposed",
        "surfaced_assumption_ids": [],
        "test_case": {
          "acceptance_criterion_ids": [
            "AC-001",
          ],
          "component_ids": [
            "comp-x",
          ],
          "expected_outcome": "root suite passes",
          "id": "test-root",
          "name": "Root Suite",
          "preconditions": [
            "fresh db",
          ],
          "steps": [
            {
              "description": "root suite work [[MATCH_ROOT]]",
              "id": "s1",
              "phase": "act",
            },
          ],
          "test_type": "integration",
        },
        "tier": undefined,
      },
      "record_type": "test_decomposition_node",
      "sub_phase_id": "7.1a",
    },
    {
      "content": {
        "atomic_criteria_satisfied": undefined,
        "decomposition_rationale": undefined,
        "depth": 2,
        "display_key": "test-story-leaf",
        "kind": "test_decomposition_node",
        "parent_ref": "test-story",
        "pass_number": 2,
        "pruning_reason": undefined,
        "release_id": null,
        "release_ordinal": null,
        "root_ref": "test-root",
        "status": "atomic",
        "surfaced_assumption_ids": [],
        "test_case": {
          "acceptance_criterion_ids": [
            "AC-001",
          ],
          "active_constraints": [],
          "component_ids": [
            "comp-x",
          ],
          "expected_outcome": "story leaf passes",
          "id": "test-story-leaf",
          "name": "Story Leaf",
          "steps": [
            {
              "description": "verify story leaf",
              "id": "s1",
              "phase": "assert",
            },
          ],
          "test_type": "integration",
        },
        "tier": "D",
      },
      "record_type": "test_decomposition_node",
      "sub_phase_id": "test_case_saturation",
    },
    {
      "content": {
        "atomic_criteria_satisfied": undefined,
        "decomposition_rationale": "scope commitment",
        "depth": 1,
        "display_key": "test-story",
        "kind": "test_decomposition_node",
        "parent_ref": "test-root",
        "pass_number": 1,
        "pruning_reason": undefined,
        "release_id": null,
        "release_ordinal": null,
        "root_ref": "test-root",
        "status": "pending",
        "surfaced_assumption_ids": [
          "TS-0001",
          "TS-0002",
        ],
        "test_case": {
          "acceptance_criterion_ids": [
            "AC-001",
          ],
          "active_constraints": [],
          "component_ids": [
            "comp-x",
          ],
          "expected_outcome": "commitment held",
          "id": "test-story",
          "name": "Story Commitment",
          "steps": [
            {
              "description": "story body work [[MATCH_STORY]]",
              "id": "s1",
              "phase": "act",
            },
          ],
          "test_type": "integration",
        },
        "tier": "B",
      },
      "record_type": "test_decomposition_node",
      "sub_phase_id": "test_case_saturation",
    },
    {
      "content": {
        "atomic_criteria_satisfied": undefined,
        "decomposition_rationale": undefined,
        "depth": 1,
        "display_key": "test-story",
        "kind": "test_decomposition_node",
        "parent_ref": "test-root",
        "pass_number": 2,
        "pruning_reason": undefined,
        "release_id": null,
        "release_ordinal": null,
        "root_ref": "test-root",
        "status": "decomposed",
        "surfaced_assumption_ids": [],
        "test_case": {
          "acceptance_criterion_ids": [
            "AC-001",
          ],
          "active_constraints": [],
          "component_ids": [
            "comp-x",
          ],
          "expected_outcome": "commitment held",
          "id": "test-story",
          "name": "Story Commitment",
          "steps": [
            {
              "description": "story body work [[MATCH_STORY]]",
              "id": "s1",
              "phase": "act",
            },
          ],
          "test_type": "integration",
        },
        "tier": "B",
      },
      "record_type": "test_decomposition_node",
      "sub_phase_id": "test_case_saturation",
    },
  ],
  "pipelines": [
    {
      "content": {
        "final_leaf_count": undefined,
        "final_max_depth": undefined,
        "kind": "test_decomposition_pipeline",
        "passes": [],
        "pipeline_id": "<pipeline-id>",
        "root_test_id": "*",
        "tier_distribution": undefined,
        "total_llm_calls": undefined,
      },
      "record_type": "test_decomposition_pipeline",
      "sub_phase_id": "test_case_saturation",
    },
    {
      "content": {
        "final_leaf_count": undefined,
        "final_max_depth": undefined,
        "kind": "test_decomposition_pipeline",
        "passes": [
          {
            "assumption_delta": 2,
            "nodes_produced": 5,
            "pass_number": 1,
            "status": "completed",
            "termination_reason": undefined,
          },
        ],
        "pipeline_id": "<pipeline-id>",
        "root_test_id": "*",
        "tier_distribution": undefined,
        "total_llm_calls": undefined,
      },
      "record_type": "test_decomposition_pipeline",
      "sub_phase_id": "test_case_saturation",
    },
    {
      "content": {
        "final_leaf_count": undefined,
        "final_max_depth": undefined,
        "kind": "test_decomposition_pipeline",
        "passes": [
          {
            "assumption_delta": 2,
            "nodes_produced": 5,
            "pass_number": 1,
            "status": "completed",
            "termination_reason": undefined,
          },
          {
            "assumption_delta": 1,
            "nodes_produced": 3,
            "pass_number": 2,
            "status": "completed",
            "termination_reason": undefined,
          },
        ],
        "pipeline_id": "<pipeline-id>",
        "root_test_id": "*",
        "tier_distribution": undefined,
        "total_llm_calls": undefined,
      },
      "record_type": "test_decomposition_pipeline",
      "sub_phase_id": "test_case_saturation",
    },
    {
      "content": {
        "final_leaf_count": 5,
        "final_max_depth": 2,
        "kind": "test_decomposition_pipeline",
        "passes": [
          {
            "assumption_delta": 2,
            "nodes_produced": 5,
            "pass_number": 1,
            "status": "completed",
            "termination_reason": undefined,
          },
          {
            "assumption_delta": 1,
            "nodes_produced": 3,
            "pass_number": 2,
            "status": "completed",
            "termination_reason": "fixed_point",
          },
        ],
        "pipeline_id": "<pipeline-id>",
        "root_test_id": "*",
        "tier_distribution": {
          "A": 1,
          "B": 1,
          "C": 1,
          "D": 5,
        },
        "total_llm_calls": 4,
      },
      "record_type": "test_decomposition_pipeline",
      "sub_phase_id": "test_case_saturation",
    },
  ],
  "snapshots": [
    {
      "content": {
        "assumptions": [
          {
            "category": "oracle_choice",
            "citations": undefined,
            "id": "TS-0001",
            "source": "decomposition",
            "surfaced_at_pass": 1,
            "surfaced_at_ref": "test-root",
            "text": "Integration tests run against a real ephemeral database",
          },
          {
            "category": "scope_boundary",
            "citations": undefined,
            "id": "TS-0002",
            "source": "decomposition",
            "surfaced_at_pass": 1,
            "surfaced_at_ref": "test-root",
            "text": "Suite covers only comp-x behaviours",
          },
        ],
        "delta_from_previous_pass": 2,
        "kind": "test_assumption_set_snapshot",
        "pass_number": 1,
        "root_test_id": "*",
        "semantic_delta": 2,
      },
      "record_type": "test_assumption_set_snapshot",
      "sub_phase_id": "test_case_saturation",
    },
    {
      "content": {
        "assumptions": [
          {
            "category": "oracle_choice",
            "citations": undefined,
            "id": "TS-0001",
            "source": "decomposition",
            "surfaced_at_pass": 1,
            "surfaced_at_ref": "test-root",
            "text": "Integration tests run against a real ephemeral database",
          },
          {
            "category": "scope_boundary",
            "citations": undefined,
            "id": "TS-0002",
            "source": "decomposition",
            "surfaced_at_pass": 1,
            "surfaced_at_ref": "test-root",
            "text": "Suite covers only comp-x behaviours",
          },
          {
            "category": "fixture_setup",
            "citations": undefined,
            "id": "TS-0003",
            "source": "decomposition",
            "surfaced_at_pass": 2,
            "surfaced_at_ref": "test-epic",
            "text": "Epic leaf reuses the shared HTTP client fixture",
          },
        ],
        "delta_from_previous_pass": 1,
        "kind": "test_assumption_set_snapshot",
        "pass_number": 2,
        "root_test_id": "*",
        "semantic_delta": 1,
      },
      "record_type": "test_assumption_set_snapshot",
      "sub_phase_id": "test_case_saturation",
    },
  ],
  "telemetry": {
    "active_test_pipeline_id": "test-decomp-pipe-<run8>",
    "test_decomposition_budget_calls_used": 4,
    "test_decomposition_max_depth_reached": 2,
  },
}
`;
