// Vitest Snapshot v1, https://vitest.dev/guide/snapshot.html

exports[`runComponentSaturationLoop — record-stream golden snapshot > pins the full persisted record stream + telemetry for a mixed-tier, multi-pass decomposition 1`] = `
{
  "bundles": [
    {
      "content": {
        "bundle_id": "comp-decomp-gate-comp-root",
        "bundle_type": "mirror_decision",
        "context": "These are scope commitments under "comp-root" identified during recursive decomposition. Accept the ones in scope; reject any out-of-scope.",
        "items": [
          {
            "description": "• Own domain boundary [[MATCH_DOMAIN]]",
            "details": {
              "active_constraints": [],
              "component_id": "comp-domain",
              "dependencies": [],
              "responsibilities": 1,
            },
            "item_id": "child-0",
            "title": "Domain Commitment (comp-domain)",
          },
        ],
        "kind": "decision_bundle",
        "title": "Tier-B Component Commitments under "comp-root"",
      },
      "record_type": "decision_bundle_presented",
      "sub_phase_id": "component_saturation",
    },
  ],
  "nodes": [
    {
      "content": {
        "component": {
          "active_constraints": [],
          "dependencies": [],
          "domain_id": null,
          "id": "comp-domain-leaf",
          "name": "Domain Leaf",
          "responsibilities": [
            {
              "description": "Fulfil domain contract",
              "id": "resp-domainleaf-1",
            },
          ],
        },
        "decomposition_rationale": undefined,
        "depth": 2,
        "display_key": "comp-domain-leaf",
        "kind": "component_decomposition_node",
        "parent_ref": "comp-domain",
        "pass_number": 2,
        "pruning_reason": undefined,
        "release_id": null,
        "release_ordinal": null,
        "root_ref": "comp-root",
        "status": "atomic",
        "surfaced_assumption_ids": [],
        "tier": "D",
      },
      "record_type": "component_decomposition_node",
      "sub_phase_id": "component_saturation",
    },
    {
      "content": {
        "component": {
          "active_constraints": [],
          "dependencies": [],
          "domain_id": null,
          "id": "comp-domain",
          "name": "Domain Commitment",
          "responsibilities": [
            {
              "description": "Own domain boundary [[MATCH_DOMAIN]]",
              "id": "resp-domain-1",
            },
          ],
        },
        "decomposition_rationale": "scope commitment",
        "depth": 1,
        "display_key": "comp-domain",
        "kind": "component_decomposition_node",
        "parent_ref": "comp-root",
        "pass_number": 1,
        "pruning_reason": undefined,
        "release_id": null,
        "release_ordinal": null,
        "root_ref": "comp-root",
        "status": "pending",
        "surfaced_assumption_ids": [
          "CA-0001",
          "CA-0002",
        ],
        "tier": "B",
      },
      "record_type": "component_decomposition_node",
      "sub_phase_id": "component_saturation",
    },
    {
      "content": {
        "component": {
          "active_constraints": [],
          "dependencies": [],
          "domain_id": null,
          "id": "comp-domain",
          "name": "Domain Commitment",
          "responsibilities": [
            {
              "description": "Own domain boundary [[MATCH_DOMAIN]]",
              "id": "resp-domain-1",
            },
          ],
        },
        "decomposition_rationale": undefined,
        "depth": 1,
        "display_key": "comp-domain",
        "kind": "component_decomposition_node",
        "parent_ref": "comp-root",
        "pass_number": 2,
        "pruning_reason": undefined,
        "release_id": null,
        "release_ordinal": null,
        "root_ref": "comp-root",
        "status": "decomposed",
        "surfaced_assumption_ids": [],
        "tier": "B",
      },
      "record_type": "component_decomposition_node",
      "sub_phase_id": "component_saturation",
    },
    {
      "content": {
        "component": {
          "active_constraints": [],
          "dependencies": [
            {
              "component_id": "comp-audit",
              "kind": "async_event",
            },
          ],
          "domain_id": null,
          "id": "comp-leaf-alpha",
          "name": "Leaf Alpha",
          "responsibilities": [
            {
              "description": "Validate alpha inputs",
              "id": "resp-alpha-1",
            },
          ],
        },
        "decomposition_rationale": "concrete leaf module",
        "depth": 1,
        "display_key": "comp-leaf-alpha",
        "kind": "component_decomposition_node",
        "parent_ref": "comp-root",
        "pass_number": 1,
        "pruning_reason": undefined,
        "release_id": null,
        "release_ordinal": null,
        "root_ref": "comp-root",
        "status": "atomic",
        "surfaced_assumption_ids": [
          "CA-0001",
          "CA-0002",
        ],
        "tier": "D",
      },
      "record_type": "component_decomposition_node",
      "sub_phase_id": "component_saturation",
    },
    {
      "content": {
        "component": {
          "active_constraints": [],
          "dependencies": [],
          "domain_id": null,
          "id": "comp-leaf-beta",
          "name": "Leaf Beta",
          "responsibilities": [
            {
              "description": "Persist beta records",
              "id": "resp-beta-1",
            },
          ],
        },
        "decomposition_rationale": undefined,
        "depth": 1,
        "display_key": "comp-leaf-beta",
        "kind": "component_decomposition_node",
        "parent_ref": "comp-root",
        "pass_number": 1,
        "pruning_reason": undefined,
        "release_id": null,
        "release_ordinal": null,
        "root_ref": "comp-root",
        "status": "atomic",
        "surfaced_assumption_ids": [
          "CA-0001",
          "CA-0002",
        ],
        "tier": "D",
      },
      "record_type": "component_decomposition_node",
      "sub_phase_id": "component_saturation",
    },
    {
      "content": {
        "component": {
          "active_constraints": [],
          "dependencies": [],
          "domain_id": null,
          "id": "comp-macro-leaf",
          "name": "Macro Leaf",
          "responsibilities": [
            {
              "description": "Execute macro step",
              "id": "resp-macroleaf-1",
            },
          ],
        },
        "decomposition_rationale": undefined,
        "depth": 2,
        "display_key": "comp-macro-leaf",
        "kind": "component_decomposition_node",
        "parent_ref": "comp-macro",
        "pass_number": 2,
        "pruning_reason": undefined,
        "release_id": null,
        "release_ordinal": null,
        "root_ref": "comp-root",
        "status": "atomic",
        "surfaced_assumption_ids": [
          "CA-0003",
        ],
        "tier": "D",
      },
      "record_type": "component_decomposition_node",
      "sub_phase_id": "component_saturation",
    },
    {
      "content": {
        "component": {
          "active_constraints": [],
          "dependencies": [],
          "domain_id": null,
          "id": "comp-macro",
          "name": "Macro Subsystem",
          "responsibilities": [
            {
              "description": "Coordinate macro flow [[MATCH_MACRO]]",
              "id": "resp-macro-1",
            },
          ],
        },
        "decomposition_rationale": "multi-cluster",
        "depth": 1,
        "display_key": "comp-macro",
        "kind": "component_decomposition_node",
        "parent_ref": "comp-root",
        "pass_number": 1,
        "pruning_reason": undefined,
        "release_id": null,
        "release_ordinal": null,
        "root_ref": "comp-root",
        "status": "pending",
        "surfaced_assumption_ids": [
          "CA-0001",
          "CA-0002",
        ],
        "tier": "A",
      },
      "record_type": "component_decomposition_node",
      "sub_phase_id": "component_saturation",
    },
    {
      "content": {
        "component": {
          "active_constraints": [],
          "dependencies": [],
          "domain_id": null,
          "id": "comp-macro",
          "name": "Macro Subsystem",
          "responsibilities": [
            {
              "description": "Coordinate macro flow [[MATCH_MACRO]]",
              "id": "resp-macro-1",
            },
          ],
        },
        "decomposition_rationale": undefined,
        "depth": 1,
        "display_key": "comp-macro",
        "kind": "component_decomposition_node",
        "parent_ref": "comp-root",
        "pass_number": 2,
        "pruning_reason": undefined,
        "release_id": null,
        "release_ordinal": null,
        "root_ref": "comp-root",
        "status": "decomposed",
        "surfaced_assumption_ids": [],
        "tier": "A",
      },
      "record_type": "component_decomposition_node",
      "sub_phase_id": "component_saturation",
    },
    {
      "content": {
        "component": {
          "active_constraints": [],
          "dependencies": [],
          "domain_id": null,
          "id": "comp-module-leaf",
          "name": "Module Leaf",
          "responsibilities": [
            {
              "description": "Emit module artifact",
              "id": "resp-moduleleaf-1",
            },
          ],
        },
        "decomposition_rationale": undefined,
        "depth": 2,
        "display_key": "comp-module-leaf",
        "kind": "component_decomposition_node",
        "parent_ref": "comp-module",
        "pass_number": 2,
        "pruning_reason": undefined,
        "release_id": null,
        "release_ordinal": null,
        "root_ref": "comp-root",
        "status": "atomic",
        "surfaced_assumption_ids": [],
        "tier": "D",
      },
      "record_type": "component_decomposition_node",
      "sub_phase_id": "component_saturation",
    },
    {
      "content": {
        "component": {
          "active_constraints": [],
          "dependencies": [],
          "domain_id": null,
          "id": "comp-module",
          "name": "Module Task",
          "responsibilities": [
            {
              "description": "Assemble module outputs [[MATCH_MODULE]]",
              "id": "resp-module-1",
            },
          ],
        },
        "decomposition_rationale": undefined,
        "depth": 1,
        "display_key": "comp-module",
        "kind": "component_decomposition_node",
        "parent_ref": "comp-root",
        "pass_number": 1,
        "pruning_reason": undefined,
        "release_id": null,
        "release_ordinal": null,
        "root_ref": "comp-root",
        "status": "pending",
        "surfaced_assumption_ids": [
          "CA-0001",
          "CA-0002",
        ],
        "tier": "C",
      },
      "record_type": "component_decomposition_node",
      "sub_phase_id": "component_saturation",
    },
    {
      "content": {
        "component": {
          "active_constraints": [],
          "dependencies": [],
          "domain_id": null,
          "id": "comp-module",
          "name": "Module Task",
          "responsibilities": [
            {
              "description": "Assemble module outputs [[MATCH_MODULE]]",
              "id": "resp-module-1",
            },
          ],
        },
        "decomposition_rationale": undefined,
        "depth": 1,
        "display_key": "comp-module",
        "kind": "component_decomposition_node",
        "parent_ref": "comp-root",
        "pass_number": 2,
        "pruning_reason": undefined,
        "release_id": null,
        "release_ordinal": null,
        "root_ref": "comp-root",
        "status": "decomposed",
        "surfaced_assumption_ids": [],
        "tier": "C",
      },
      "record_type": "component_decomposition_node",
      "sub_phase_id": "component_saturation",
    },
    {
      "content": {
        "component": {
          "dependencies": [],
          "id": "comp-root",
          "name": "Root Subsystem",
          "responsibilities": [
            {
              "description": "Orchestrate the whole thing [[MATCH_ROOT]]",
              "id": "resp-root-1",
            },
          ],
        },
        "decomposition_rationale": undefined,
        "depth": 0,
        "display_key": "comp-root",
        "kind": "component_decomposition_node",
        "parent_ref": null,
        "pass_number": 0,
        "pruning_reason": undefined,
        "release_id": null,
        "release_ordinal": null,
        "root_ref": "comp-root",
        "status": "pending",
        "surfaced_assumption_ids": [],
        "tier": undefined,
      },
      "record_type": "component_decomposition_node",
      "sub_phase_id": "component_saturation",
    },
    {
      "content": {
        "component": {
          "dependencies": [],
          "id": "comp-root",
          "name": "Root Subsystem",
          "responsibilities": [
            {
              "description": "Orchestrate the whole thing [[MATCH_ROOT]]",
              "id": "resp-root-1",
            },
          ],
        },
        "decomposition_rationale": undefined,
        "depth": 0,
        "display_key": "comp-root",
        "kind": "component_decomposition_node",
        "parent_ref": null,
        "pass_number": 1,
        "pruning_reason": undefined,
        "release_id": null,
        "release_ordinal": null,
        "root_ref": "comp-root",
        "status": "decomposed",
        "surfaced_assumption_ids": [],
        "tier": undefined,
      },
      "record_type": "component_decomposition_node",
      "sub_phase_id": "component_saturation",
    },
  ],
  "pipelines": [
    {
      "content": {
        "final_leaf_count": undefined,
        "final_max_depth": undefined,
        "kind": "component_decomposition_pipeline",
        "passes": [],
        "pipeline_id": "<pipeline-id>",
        "root_component_id": "*",
        "tier_distribution": undefined,
        "total_llm_calls": undefined,
      },
      "record_type": "component_decomposition_pipeline",
      "sub_phase_id": "component_saturation",
    },
    {
      "content": {
        "final_leaf_count": undefined,
        "final_max_depth": undefined,
        "kind": "component_decomposition_pipeline",
        "passes": [
          {
            "assumption_delta": 2,
            "nodes_produced": 5,
            "pass_number": 1,
            "status": "completed",
            "termination_reason": undefined,
          },
        ],
        "pipeline_id": "<pipeline-id>",
        "root_component_id": "*",
        "tier_distribution": undefined,
        "total_llm_calls": undefined,
      },
      "record_type": "component_decomposition_pipeline",
      "sub_phase_id": "component_saturation",
    },
    {
      "content": {
        "final_leaf_count": undefined,
        "final_max_depth": undefined,
        "kind": "component_decomposition_pipeline",
        "passes": [
          {
            "assumption_delta": 2,
            "nodes_produced": 5,
            "pass_number": 1,
            "status": "completed",
            "termination_reason": undefined,
          },
          {
            "assumption_delta": 1,
            "nodes_produced": 3,
            "pass_number": 2,
            "status": "completed",
            "termination_reason": undefined,
          },
        ],
        "pipeline_id": "<pipeline-id>",
        "root_component_id": "*",
        "tier_distribution": undefined,
        "total_llm_calls": undefined,
      },
      "record_type": "component_decomposition_pipeline",
      "sub_phase_id": "component_saturation",
    },
    {
      "content": {
        "final_leaf_count": 5,
        "final_max_depth": 2,
        "kind": "component_decomposition_pipeline",
        "passes": [
          {
            "assumption_delta": 2,
            "nodes_produced": 5,
            "pass_number": 1,
            "status": "completed",
            "termination_reason": undefined,
          },
          {
            "assumption_delta": 1,
            "nodes_produced": 3,
            "pass_number": 2,
            "status": "completed",
            "termination_reason": "fixed_point",
          },
        ],
        "pipeline_id": "<pipeline-id>",
        "root_component_id": "*",
        "tier_distribution": {
          "A": 1,
          "B": 1,
          "C": 1,
          "D": 5,
        },
        "total_llm_calls": 4,
      },
      "record_type": "component_decomposition_pipeline",
      "sub_phase_id": "component_saturation",
    },
  ],
  "snapshots": [
    {
      "content": {
        "assumptions": [
          {
            "category": "integration_pattern",
            "citations": undefined,
            "id": "CA-0001",
            "source": "decomposition",
            "surfaced_at_pass": 1,
            "surfaced_at_ref": "comp-root",
            "text": "State transitions persist via async event",
          },
          {
            "category": "data_ownership",
            "citations": undefined,
            "id": "CA-0002",
            "source": "decomposition",
            "surfaced_at_pass": 1,
            "surfaced_at_ref": "comp-root",
            "text": "Media validator owns size and type checks",
          },
        ],
        "delta_from_previous_pass": 2,
        "kind": "component_assumption_set_snapshot",
        "pass_number": 1,
        "root_component_id": "*",
        "semantic_delta": 2,
      },
      "record_type": "component_assumption_set_snapshot",
      "sub_phase_id": "component_saturation",
    },
    {
      "content": {
        "assumptions": [
          {
            "category": "integration_pattern",
            "citations": undefined,
            "id": "CA-0001",
            "source": "decomposition",
            "surfaced_at_pass": 1,
            "surfaced_at_ref": "comp-root",
            "text": "State transitions persist via async event",
          },
          {
            "category": "data_ownership",
            "citations": undefined,
            "id": "CA-0002",
            "source": "decomposition",
            "surfaced_at_pass": 1,
            "surfaced_at_ref": "comp-root",
            "text": "Media validator owns size and type checks",
          },
          {
            "category": "cross_cutting",
            "citations": undefined,
            "id": "CA-0003",
            "source": "decomposition",
            "surfaced_at_pass": 2,
            "surfaced_at_ref": "comp-macro",
            "text": "Macro leaf reuses the shared client",
          },
        ],
        "delta_from_previous_pass": 1,
        "kind": "component_assumption_set_snapshot",
        "pass_number": 2,
        "root_component_id": "*",
        "semantic_delta": 1,
      },
      "record_type": "component_assumption_set_snapshot",
      "sub_phase_id": "component_saturation",
    },
  ],
  "telemetry": {
    "active_component_pipeline_id": "comp-decomp-pipe-<run8>",
    "component_decomposition_budget_calls_used": 4,
    "component_decomposition_max_depth_reached": 2,
  },
}
`;
