// Vitest Snapshot v1, https://vitest.dev/guide/snapshot.html

exports[`Phase2Handler.runSaturationLoop — record-stream golden snapshot > pins the full persisted record stream + telemetry for a mixed-tier, multi-pass FR decomposition 1`] = `
{
  "bundles": [
    {
      "content": {
        "mirror": {
          "items": [
            {
              "category": "scope",
              "id": "child-0",
              "rationale": "scope commitment",
              "text": "US-001-5 [Tier B commitment]: commit story scope -> scope committed",
            },
          ],
          "kind": "assumption_mirror",
        },
        "summary": "Assumptions this decomposition surfaces:
- (scope) Root work assumes a local cache
- (constraint) Root commits before responding",
        "surface_id": "decomp-gate-US-001",
        "title": "Scope commitments under US-001",
      },
      "record_type": "decision_bundle_presented",
      "sub_phase_id": "fr_saturation",
    },
  ],
  "nodes": [
    {
      "content": {
        "decomposition_rationale": "single session alpha",
        "depth": 1,
        "display_key": "US-001-1",
        "kind": "requirement_decomposition_node",
        "parent_ref": "US-001",
        "pass_number": 1,
        "pruning_reason": null,
        "release_id": null,
        "release_ordinal": null,
        "root_kind": "fr",
        "root_ref": "US-001",
        "status": "atomic",
        "surfaced_assumption_ids": [
          "A-0001",
          "A-0002",
        ],
        "tier": "D",
        "user_story": {
          "acceptance_criteria": [
            {
              "description": "alpha",
              "id": "AC-US-001-1-001",
              "measurable_condition": "alpha verified [[MATCH_ALPHA]]",
            },
          ],
          "action": "do alpha",
          "id": "US-001-1",
          "outcome": "alpha done",
          "priority": "high",
          "role": "user",
          "traces_to": [
            "UJ-ROOT",
          ],
        },
      },
      "record_type": "requirement_decomposition_node",
      "sub_phase_id": "fr_saturation",
    },
    {
      "content": {
        "decomposition_rationale": null,
        "depth": 1,
        "display_key": "US-001-2",
        "kind": "requirement_decomposition_node",
        "parent_ref": "US-001",
        "pass_number": 1,
        "pruning_reason": null,
        "release_id": null,
        "release_ordinal": null,
        "root_kind": "fr",
        "root_ref": "US-001",
        "status": "atomic",
        "surfaced_assumption_ids": [
          "A-0001",
          "A-0002",
        ],
        "tier": "D",
        "user_story": {
          "acceptance_criteria": [
            {
              "description": "beta",
              "id": "AC-US-001-2-001",
              "measurable_condition": "beta verified [[MATCH_BETA]]",
            },
          ],
          "action": "do beta",
          "id": "US-001-2",
          "outcome": "beta done",
          "priority": "medium",
          "role": "user",
          "traces_to": [
            "UJ-ROOT",
          ],
        },
      },
      "record_type": "requirement_decomposition_node",
      "sub_phase_id": "fr_saturation",
    },
    {
      "content": {
        "decomposition_rationale": null,
        "depth": 2,
        "display_key": "US-001-3-1",
        "kind": "requirement_decomposition_node",
        "parent_ref": "US-001-3",
        "pass_number": 2,
        "pruning_reason": null,
        "release_id": null,
        "release_ordinal": null,
        "root_kind": "fr",
        "root_ref": "US-001",
        "status": "atomic",
        "surfaced_assumption_ids": [
          "A-0003",
        ],
        "tier": "D",
        "user_story": {
          "acceptance_criteria": [
            {
              "description": "epic leaf",
              "id": "AC-US-001-3-1-001",
              "measurable_condition": "epic leaf verified [[MATCH_EPICLEAF]]",
            },
          ],
          "action": "do epic leaf",
          "id": "US-001-3-1",
          "outcome": "epic leaf done",
          "priority": "high",
          "role": "user",
          "traces_to": [
            "UJ-ROOT",
          ],
        },
      },
      "record_type": "requirement_decomposition_node",
      "sub_phase_id": "fr_saturation",
    },
    {
      "content": {
        "decomposition_rationale": "multi-cluster",
        "depth": 1,
        "display_key": "US-001-3",
        "kind": "requirement_decomposition_node",
        "parent_ref": "US-001",
        "pass_number": 1,
        "pruning_reason": null,
        "release_id": null,
        "release_ordinal": null,
        "root_kind": "fr",
        "root_ref": "US-001",
        "status": "pending",
        "surfaced_assumption_ids": [
          "A-0001",
          "A-0002",
        ],
        "tier": "A",
        "user_story": {
          "acceptance_criteria": [
            {
              "description": "epic",
              "id": "AC-US-001-3-001",
              "measurable_condition": "epic verified [[MATCH_EPIC]]",
            },
          ],
          "action": "run epic area",
          "id": "US-001-3",
          "outcome": "epic structured",
          "priority": "high",
          "role": "user",
          "traces_to": [
            "UJ-ROOT",
          ],
        },
      },
      "record_type": "requirement_decomposition_node",
      "sub_phase_id": "fr_saturation",
    },
    {
      "content": {
        "decomposition_rationale": null,
        "depth": 1,
        "display_key": "US-001-3",
        "kind": "requirement_decomposition_node",
        "parent_ref": "US-001",
        "pass_number": 2,
        "pruning_reason": null,
        "release_id": null,
        "release_ordinal": null,
        "root_kind": "fr",
        "root_ref": "US-001",
        "status": "decomposed",
        "surfaced_assumption_ids": [],
        "tier": "A",
        "user_story": {
          "acceptance_criteria": [
            {
              "description": "epic",
              "id": "AC-US-001-3-001",
              "measurable_condition": "epic verified [[MATCH_EPIC]]",
            },
          ],
          "action": "run epic area",
          "id": "US-001-3",
          "outcome": "epic structured",
          "priority": "high",
          "role": "user",
          "traces_to": [
            "UJ-ROOT",
          ],
        },
      },
      "record_type": "requirement_decomposition_node",
      "sub_phase_id": "fr_saturation",
    },
    {
      "content": {
        "decomposition_rationale": null,
        "depth": 2,
        "display_key": "US-001-4-1",
        "kind": "requirement_decomposition_node",
        "parent_ref": "US-001-4",
        "pass_number": 2,
        "pruning_reason": null,
        "release_id": null,
        "release_ordinal": null,
        "root_kind": "fr",
        "root_ref": "US-001",
        "status": "atomic",
        "surfaced_assumption_ids": [],
        "tier": "D",
        "user_story": {
          "acceptance_criteria": [
            {
              "description": "mid leaf",
              "id": "AC-US-001-4-1-001",
              "measurable_condition": "mid leaf verified [[MATCH_MIDLEAF]]",
            },
          ],
          "action": "do mid leaf",
          "id": "US-001-4-1",
          "outcome": "mid leaf done",
          "priority": "medium",
          "role": "user",
          "traces_to": [
            "UJ-ROOT",
          ],
        },
      },
      "record_type": "requirement_decomposition_node",
      "sub_phase_id": "fr_saturation",
    },
    {
      "content": {
        "decomposition_rationale": null,
        "depth": 1,
        "display_key": "US-001-4",
        "kind": "requirement_decomposition_node",
        "parent_ref": "US-001",
        "pass_number": 1,
        "pruning_reason": null,
        "release_id": null,
        "release_ordinal": null,
        "root_kind": "fr",
        "root_ref": "US-001",
        "status": "pending",
        "surfaced_assumption_ids": [
          "A-0001",
          "A-0002",
        ],
        "tier": "C",
        "user_story": {
          "acceptance_criteria": [
            {
              "description": "mid",
              "id": "AC-US-001-4-001",
              "measurable_condition": "mid verified [[MATCH_MID]]",
            },
          ],
          "action": "implement mid",
          "id": "US-001-4",
          "outcome": "mid ready",
          "priority": "medium",
          "role": "user",
          "traces_to": [
            "UJ-ROOT",
          ],
        },
      },
      "record_type": "requirement_decomposition_node",
      "sub_phase_id": "fr_saturation",
    },
    {
      "content": {
        "decomposition_rationale": null,
        "depth": 1,
        "display_key": "US-001-4",
        "kind": "requirement_decomposition_node",
        "parent_ref": "US-001",
        "pass_number": 2,
        "pruning_reason": null,
        "release_id": null,
        "release_ordinal": null,
        "root_kind": "fr",
        "root_ref": "US-001",
        "status": "decomposed",
        "surfaced_assumption_ids": [],
        "tier": "C",
        "user_story": {
          "acceptance_criteria": [
            {
              "description": "mid",
              "id": "AC-US-001-4-001",
              "measurable_condition": "mid verified [[MATCH_MID]]",
            },
          ],
          "action": "implement mid",
          "id": "US-001-4",
          "outcome": "mid ready",
          "priority": "medium",
          "role": "user",
          "traces_to": [
            "UJ-ROOT",
          ],
        },
      },
      "record_type": "requirement_decomposition_node",
      "sub_phase_id": "fr_saturation",
    },
    {
      "content": {
        "decomposition_rationale": null,
        "depth": 2,
        "display_key": "US-001-5-1",
        "kind": "requirement_decomposition_node",
        "parent_ref": "US-001-5",
        "pass_number": 2,
        "pruning_reason": null,
        "release_id": null,
        "release_ordinal": null,
        "root_kind": "fr",
        "root_ref": "US-001",
        "status": "atomic",
        "surfaced_assumption_ids": [],
        "tier": "D",
        "user_story": {
          "acceptance_criteria": [
            {
              "description": "story leaf",
              "id": "AC-US-001-5-1-001",
              "measurable_condition": "story leaf verified [[MATCH_STORYLEAF]]",
            },
          ],
          "action": "do story leaf",
          "id": "US-001-5-1",
          "outcome": "story leaf done",
          "priority": "high",
          "role": "user",
          "traces_to": [
            "UJ-ROOT",
          ],
        },
      },
      "record_type": "requirement_decomposition_node",
      "sub_phase_id": "fr_saturation",
    },
    {
      "content": {
        "decomposition_rationale": "scope commitment",
        "depth": 1,
        "display_key": "US-001-5",
        "kind": "requirement_decomposition_node",
        "parent_ref": "US-001",
        "pass_number": 1,
        "pruning_reason": null,
        "release_id": null,
        "release_ordinal": null,
        "root_kind": "fr",
        "root_ref": "US-001",
        "status": "pending",
        "surfaced_assumption_ids": [
          "A-0001",
          "A-0002",
        ],
        "tier": "B",
        "user_story": {
          "acceptance_criteria": [
            {
              "description": "story policy decided",
              "id": "AC-US-001-5-001",
              "measurable_condition": "story scope decided [[MATCH_STORY]]",
            },
          ],
          "action": "commit story scope",
          "id": "US-001-5",
          "outcome": "scope committed",
          "priority": "high",
          "role": "user",
          "traces_to": [
            "UJ-ROOT",
          ],
        },
      },
      "record_type": "requirement_decomposition_node",
      "sub_phase_id": "fr_saturation",
    },
    {
      "content": {
        "decomposition_rationale": null,
        "depth": 1,
        "display_key": "US-001-5",
        "kind": "requirement_decomposition_node",
        "parent_ref": "US-001",
        "pass_number": 2,
        "pruning_reason": null,
        "release_id": null,
        "release_ordinal": null,
        "root_kind": "fr",
        "root_ref": "US-001",
        "status": "decomposed",
        "surfaced_assumption_ids": [],
        "tier": "B",
        "user_story": {
          "acceptance_criteria": [
            {
              "description": "story policy decided",
              "id": "AC-US-001-5-001",
              "measurable_condition": "story scope decided [[MATCH_STORY]]",
            },
          ],
          "action": "commit story scope",
          "id": "US-001-5",
          "outcome": "scope committed",
          "priority": "high",
          "role": "user",
          "traces_to": [
            "UJ-ROOT",
          ],
        },
      },
      "record_type": "requirement_decomposition_node",
      "sub_phase_id": "fr_saturation",
    },
    {
      "content": {
        "decomposition_rationale": null,
        "depth": 0,
        "display_key": "US-001",
        "kind": "requirement_decomposition_node",
        "parent_ref": null,
        "pass_number": 0,
        "pruning_reason": null,
        "release_id": null,
        "release_ordinal": null,
        "root_kind": null,
        "root_ref": "US-001",
        "status": "pending",
        "surfaced_assumption_ids": [],
        "tier": null,
        "user_story": {
          "acceptance_criteria": [
            {
              "description": "root works",
              "id": "AC-US001-001",
              "measurable_condition": "root scenario verified [[MATCH_ROOT]]",
            },
          ],
          "action": "manage my financial records",
          "id": "US-001",
          "outcome": "my books stay accurate",
          "priority": "high",
          "role": "account holder",
          "traces_to": [
            "UJ-ROOT",
          ],
        },
      },
      "record_type": "requirement_decomposition_node",
      "sub_phase_id": "fr_bloom_skeleton",
    },
    {
      "content": {
        "decomposition_rationale": null,
        "depth": 0,
        "display_key": "US-001",
        "kind": "requirement_decomposition_node",
        "parent_ref": null,
        "pass_number": 1,
        "pruning_reason": null,
        "release_id": null,
        "release_ordinal": null,
        "root_kind": "fr",
        "root_ref": "US-001",
        "status": "decomposed",
        "surfaced_assumption_ids": [],
        "tier": null,
        "user_story": {
          "acceptance_criteria": [
            {
              "description": "root works",
              "id": "AC-US001-001",
              "measurable_condition": "root scenario verified [[MATCH_ROOT]]",
            },
          ],
          "action": "manage my financial records",
          "id": "US-001",
          "outcome": "my books stay accurate",
          "priority": "high",
          "role": "account holder",
          "traces_to": [
            "UJ-ROOT",
          ],
        },
      },
      "record_type": "requirement_decomposition_node",
      "sub_phase_id": "fr_bloom_skeleton",
    },
  ],
  "pipelines": [
    {
      "content": {
        "final_leaf_count": undefined,
        "final_max_depth": undefined,
        "kind": "requirement_decomposition_pipeline",
        "passes": [],
        "pipeline_id": "<pipeline-id>",
        "root_fr_id": "*",
        "total_llm_calls": undefined,
      },
      "record_type": "requirement_decomposition_pipeline",
      "sub_phase_id": "fr_saturation",
    },
    {
      "content": {
        "final_leaf_count": undefined,
        "final_max_depth": undefined,
        "kind": "requirement_decomposition_pipeline",
        "passes": [
          {
            "assumption_delta": 2,
            "nodes_produced": 5,
            "pass_number": 1,
            "status": "completed",
            "termination_reason": undefined,
          },
        ],
        "pipeline_id": "<pipeline-id>",
        "root_fr_id": "*",
        "total_llm_calls": undefined,
      },
      "record_type": "requirement_decomposition_pipeline",
      "sub_phase_id": "fr_saturation",
    },
    {
      "content": {
        "final_leaf_count": undefined,
        "final_max_depth": undefined,
        "kind": "requirement_decomposition_pipeline",
        "passes": [
          {
            "assumption_delta": 2,
            "nodes_produced": 5,
            "pass_number": 1,
            "status": "completed",
            "termination_reason": undefined,
          },
          {
            "assumption_delta": 1,
            "nodes_produced": 3,
            "pass_number": 2,
            "status": "completed",
            "termination_reason": undefined,
          },
        ],
        "pipeline_id": "<pipeline-id>",
        "root_fr_id": "*",
        "total_llm_calls": undefined,
      },
      "record_type": "requirement_decomposition_pipeline",
      "sub_phase_id": "fr_saturation",
    },
    {
      "content": {
        "final_leaf_count": 5,
        "final_max_depth": 2,
        "kind": "requirement_decomposition_pipeline",
        "passes": [
          {
            "assumption_delta": 2,
            "nodes_produced": 5,
            "pass_number": 1,
            "status": "completed",
            "termination_reason": undefined,
          },
          {
            "assumption_delta": 1,
            "nodes_produced": 3,
            "pass_number": 2,
            "status": "completed",
            "termination_reason": "fixed_point",
          },
        ],
        "pipeline_id": "<pipeline-id>",
        "root_fr_id": "*",
        "total_llm_calls": 4,
      },
      "record_type": "requirement_decomposition_pipeline",
      "sub_phase_id": "fr_saturation",
    },
  ],
  "snapshots": [
    {
      "content": {
        "assumptions": [
          {
            "category": "scope",
            "citations": null,
            "id": "A-0001",
            "source": "decomposition",
            "surfaced_at_pass": 1,
            "surfaced_at_ref": "US-001",
            "text": "Root work assumes a local cache",
          },
          {
            "category": "constraint",
            "citations": null,
            "id": "A-0002",
            "source": "decomposition",
            "surfaced_at_pass": 1,
            "surfaced_at_ref": "US-001",
            "text": "Root commits before responding",
          },
        ],
        "delta_from_previous_pass": 2,
        "kind": "assumption_set_snapshot",
        "pass_number": 1,
        "root_fr_id": "*",
        "semantic_delta": 2,
      },
      "record_type": "assumption_set_snapshot",
      "sub_phase_id": "fr_saturation",
    },
    {
      "content": {
        "assumptions": [
          {
            "category": "scope",
            "citations": null,
            "id": "A-0001",
            "source": "decomposition",
            "surfaced_at_pass": 1,
            "surfaced_at_ref": "US-001",
            "text": "Root work assumes a local cache",
          },
          {
            "category": "constraint",
            "citations": null,
            "id": "A-0002",
            "source": "decomposition",
            "surfaced_at_pass": 1,
            "surfaced_at_ref": "US-001",
            "text": "Root commits before responding",
          },
          {
            "category": "constraint",
            "citations": null,
            "id": "A-0003",
            "source": "decomposition",
            "surfaced_at_pass": 2,
            "surfaced_at_ref": "US-001-3",
            "text": "Epic leaf reuses the shared client",
          },
        ],
        "delta_from_previous_pass": 1,
        "kind": "assumption_set_snapshot",
        "pass_number": 2,
        "root_fr_id": "*",
        "semantic_delta": 1,
      },
      "record_type": "assumption_set_snapshot",
      "sub_phase_id": "fr_saturation",
    },
  ],
  "telemetry": {
    "decomposition_budget_calls_used": 4,
    "decomposition_fr_calls_used": 4,
    "decomposition_max_depth_reached": 2,
    "decomposition_nfr_calls_used": 0,
  },
}
`;
